#
# There is insufficient memory for the Java Runtime Environment to continue.
# Native memory allocation (malloc) failed to allocate 51408 bytes. Error detail: Chunk::new
# Possible reasons:
#   The system is out of physical RAM or swap space
#   This process is running with CompressedOops enabled, and the Java Heap may be blocking the growth of the native heap
# Possible solutions:
#   Reduce memory load on the system
#   Increase physical memory or swap space
#   Check if swap backing store is full
#   Decrease Java heap size (-Xmx/-Xms)
#   Decrease number of Java threads
#   Decrease Java thread stack sizes (-Xss)
#   Set larger code cache with -XX:ReservedCodeCacheSize=
#   JVM is running with Unscaled Compressed Oops mode in which the Java heap is
#     placed in the first 4GB address space. The Java Heap base address is the
#     maximum limit for the native heap growth. Please use -XX:HeapBaseMinAddress
#     to set the Java Heap base and to place the Java Heap above 4GB virtual address.
# This output file may be truncated or incomplete.
#
#  Out of Memory Error (arena.cpp:168), pid=11192, tid=17108
#
# JRE version: OpenJDK Runtime Environment Temurin-21.0.11+10 (21.0.11+10) (build 21.0.11+10-LTS)
# Java VM: OpenJDK 64-Bit Server VM Temurin-21.0.11+10 (21.0.11+10-LTS, mixed mode, sharing, tiered, compressed oops, compressed class ptrs, parallel gc, windows-amd64)
# No core dump will be written. Minidumps are not enabled by default on client versions of Windows
#

---------------  S U M M A R Y ------------

Command Line: --add-modules=ALL-SYSTEM --add-opens=java.base/java.util=ALL-UNNAMED --add-opens=java.base/java.lang=ALL-UNNAMED --add-opens=java.base/sun.nio.fs=ALL-UNNAMED -Declipse.application=org.eclipse.jdt.ls.core.id1 -Dosgi.bundles.defaultStartLevel=4 -Declipse.product=org.eclipse.jdt.ls.core.product -Djava.import.generatesMetadataFilesAtProjectRoot=false -DDetectVMInstallationsJob.disabled=true -Dfile.encoding=utf8 -XX:+UseParallelGC -XX:GCTimeRatio=4 -XX:AdaptiveSizePolicyWeight=90 -Dsun.zip.disableMemoryMapping=true -Xmx2G -Xms100m -Xlog:disable -javaagent:c:\Users\DELL\.vscode\extensions\redhat.java-1.55.0-win32-x64\lombok\lombok-1.18.39-4050.jar -XX:+HeapDumpOnOutOfMemoryError -XX:HeapDumpPath=c:\Users\DELL\AppData\Roaming\Code\User\workspaceStorage\a58f03694f47fe395bf092a040cbb92b\redhat.java -Daether.dependencyCollector.impl=bf c:\Users\DELL\.vscode\extensions\redhat.java-1.55.0-win32-x64\server\plugins\org.eclipse.equinox.launcher_1.7.200.v20260619-2039.jar -configuration c:\Users\DELL\AppData\Roaming\Code\User\globalStorage\redhat.java\1.55.0\config_win -data c:\Users\DELL\AppData\Roaming\Code\User\workspaceStorage\a58f03694f47fe395bf092a040cbb92b\redhat.java\jdt_ws --pipe=\\.\pipe\lsp-9746a4ef1c5e32b54c61c9fb5deb4695-sock

Host: Intel(R) Core(TM) i5-7300U CPU @ 2.60GHz, 4 cores, 7G,  Windows 10 , 64 bit Build 19041 (10.0.19041.5915)
Time: Mon Aug 17 11:10:35 2026 W. Central Africa Standard Time elapsed time: 5.891922 seconds (0d 0h 0m 5s)

---------------  T H R E A D  ---------------

Current thread (0x00000202a5d060b0):  JavaThread "C2 CompilerThread0" daemon [_thread_in_native, id=17108, stack(0x000000f51bc00000,0x000000f51bd00000) (1024K)]


Current CompileTask:
C2:5892 2378 % !   4       java.util.concurrent.ConcurrentHashMap::transfer @ 96 (849 bytes)

Stack: [0x000000f51bc00000,0x000000f51bd00000]
Native frames: (J=compiled Java code, j=interpreted, Vv=VM code, C=native code)
V  [jvm.dll+0x6d7e19]
V  [jvm.dll+0x8b5096]
V  [jvm.dll+0x8b764e]
V  [jvm.dll+0x8b7d33]
V  [jvm.dll+0x284596]
V  [jvm.dll+0xc685d]
V  [jvm.dll+0xc6da1]
V  [jvm.dll+0x3bed6b]
V  [jvm.dll+0x1e3b4e]
V  [jvm.dll+0x24c853]
V  [jvm.dll+0x24bce0]
V  [jvm.dll+0x1cb4ae]
V  [jvm.dll+0x25baad]
V  [jvm.dll+0x25a03a]
V  [jvm.dll+0x3f868e]
V  [jvm.dll+0x85fb0d]
V  [jvm.dll+0x6d664d]
C  [ucrtbase.dll+0x21bb2]
C  [KERNEL32.DLL+0x17374]
C  [ntdll.dll+0x4cc91]


---------------  P R O C E S S  ---------------

Threads class SMR info:
_java_thread_list=0x0000020284017f70, length=16, elements={
0x00000202a5dddb70, 0x00000202a5cc7ce0, 0x00000202a5ccadc0, 0x00000202a5cd03b0,
0x00000202a5ccf690, 0x00000202a5ccfd20, 0x00000202a5ccd5c0, 0x00000202a5d060b0,
0x00000202a5d09170, 0x00000202a5cd0a40, 0x00000202a5cce970, 0x00000202a5ccdc50,
0x00000202a5cce2e0, 0x00000202a5ccf000, 0x00000202fec7f090, 0x00000202fec838c0
}

Java Threads: ( => current thread )
  0x00000202a5dddb70 JavaThread "main"                              [_thread_blocked, id=19748, stack(0x000000f51b200000,0x000000f51b300000) (1024K)]
  0x00000202a5cc7ce0 JavaThread "Reference Handler"          daemon [_thread_blocked, id=13016, stack(0x000000f51b600000,0x000000f51b700000) (1024K)]
  0x00000202a5ccadc0 JavaThread "Finalizer"                  daemon [_thread_blocked, id=19744, stack(0x000000f51b700000,0x000000f51b800000) (1024K)]
  0x00000202a5cd03b0 JavaThread "Signal Dispatcher"          daemon [_thread_blocked, id=12076, stack(0x000000f51b800000,0x000000f51b900000) (1024K)]
  0x00000202a5ccf690 JavaThread "Attach Listener"            daemon [_thread_blocked, id=9628, stack(0x000000f51b900000,0x000000f51ba00000) (1024K)]
  0x00000202a5ccfd20 JavaThread "Service Thread"             daemon [_thread_blocked, id=20360, stack(0x000000f51ba00000,0x000000f51bb00000) (1024K)]
  0x00000202a5ccd5c0 JavaThread "Monitor Deflation Thread"   daemon [_thread_blocked, id=20756, stack(0x000000f51bb00000,0x000000f51bc00000) (1024K)]
=>0x00000202a5d060b0 JavaThread "C2 CompilerThread0"         daemon [_thread_in_native, id=17108, stack(0x000000f51bc00000,0x000000f51bd00000) (1024K)]
  0x00000202a5d09170 JavaThread "C1 CompilerThread0"         daemon [_thread_in_vm, id=10516, stack(0x000000f51bd00000,0x000000f51be00000) (1024K)]
  0x00000202a5cd0a40 JavaThread "Common-Cleaner"             daemon [_thread_blocked, id=2936, stack(0x000000f51be00000,0x000000f51bf00000) (1024K)]
  0x00000202a5cce970 JavaThread "Notification Thread"        daemon [_thread_blocked, id=18584, stack(0x000000f51bf00000,0x000000f51c000000) (1024K)]
  0x00000202a5ccdc50 JavaThread "Active Thread: Equinox Container: 7c188e4d-c342-4f60-9437-11ba41b0689a"        [_thread_blocked, id=3564, stack(0x000000f51c400000,0x000000f51c500000) (1024K)]
  0x00000202a5cce2e0 JavaThread "Refresh Thread: Equinox Container: 7c188e4d-c342-4f60-9437-11ba41b0689a" daemon [_thread_blocked, id=20088, stack(0x000000f51c500000,0x000000f51c600000) (1024K)]
  0x00000202a5ccf000 JavaThread "Framework Event Dispatcher: Equinox Container: 7c188e4d-c342-4f60-9437-11ba41b0689a" daemon [_thread_in_vm, id=15688, stack(0x000000f51c600000,0x000000f51c700000) (1024K)]
  0x00000202fec7f090 JavaThread "Start Level: Equinox Container: 7c188e4d-c342-4f60-9437-11ba41b0689a" daemon [_thread_in_vm, id=21164, stack(0x000000f51c700000,0x000000f51c800000) (1024K)]
  0x00000202fec838c0 JavaThread "Bundle File Closer"         daemon [_thread_blocked, id=20004, stack(0x000000f51c800000,0x000000f51c900000) (1024K)]
Total: 16

Other Threads:
  0x00000202a5caf920 VMThread "VM Thread"                           [id=19032, stack(0x000000f51b500000,0x000000f51b600000) (1024K)] _threads_hazard_ptr=0x0000020284017f70
  0x00000202a5e48960 WatcherThread "VM Periodic Task Thread"        [id=5384, stack(0x000000f51b400000,0x000000f51b500000) (1024K)]
  0x00000202a5dfc270 WorkerThread "GC Thread#0"                     [id=12484, stack(0x000000f51b300000,0x000000f51b400000) (1024K)]
  0x00000202fea34c00 WorkerThread "GC Thread#1"                     [id=18660, stack(0x000000f51c100000,0x000000f51c200000) (1024K)]
  0x00000202fed87860 WorkerThread "GC Thread#2"                     [id=21092, stack(0x000000f51c200000,0x000000f51c300000) (1024K)]
  0x00000202fed82860 WorkerThread "GC Thread#3"                     [id=16108, stack(0x000000f51c300000,0x000000f51c400000) (1024K)]
Total: 6

Threads with active compile tasks:
C2 CompilerThread0  6049 2378 % !   4       java.util.concurrent.ConcurrentHashMap::transfer @ 96 (849 bytes)
C1 CompilerThread0  6049 2441       3       sun.util.locale.BaseLocale::<init> (76 bytes)
Total: 2

VM state: synchronizing (normal execution)

VM Mutex/Monitor currently owned by a thread:  ([mutex/lock_event])
[0x00007ffcba9ad4f0] Metaspace_lock - owner thread: 0x00000202fec7f090
[0x00007ffcba9af570] Threads_lock - owner thread: 0x00000202a5caf920

OutOfMemory and StackOverflow Exception counts:
OutOfMemoryError java_heap_errors=2
LinkageErrors=32

Heap address: 0x0000000080000000, size: 2048 MB, Compressed Oops mode: 32-bit

CDS archive(s) mapped at: [0x00000202bd000000-0x00000202bdba0000-0x00000202bdba0000), size 12189696, SharedBaseAddress: 0x00000202bd000000, ArchiveRelocationMode: 1.
Compressed class space mapped at: 0x00000202be000000-0x00000202fe000000, reserved size: 1073741824
Narrow klass base: 0x00000202bd000000, Narrow klass shift: 0, Narrow klass range: 0x100000000

GC Precious Log:
 CardTable entry size: 512
 CPUs: 4 total, 4 available
 Memory: 8073M
 Large Page Support: Disabled
 NUMA Support: Disabled
 Compressed Oops: Enabled (32-bit)
 Alignments: Space 512K, Generation 512K, Heap 2M
 Heap Min Capacity: 100M
 Heap Initial Capacity: 100M
 Heap Max Capacity: 2G
 Pre-touch: Disabled
 Parallel Workers: 4

Heap:
 PSYoungGen      total 29696K, used 19920K [0x00000000d5580000, 0x00000000d7680000, 0x0000000100000000)
  eden space 25600K, 61% used [0x00000000d5580000,0x00000000d64f6260,0x00000000d6e80000)
  from space 4096K, 99% used [0x00000000d6e80000,0x00000000d727ded8,0x00000000d7280000)
  to   space 4096K, 0% used [0x00000000d7280000,0x00000000d7280000,0x00000000d7680000)
 ParOldGen       total 68608K, used 5043K [0x0000000080000000, 0x0000000084300000, 0x00000000d5580000)
  object space 68608K, 7% used [0x0000000080000000,0x00000000804ecd10,0x0000000084300000)
 Metaspace       used 9704K, committed 9984K, reserved 1114112K
  class space    used 1015K, committed 1152K, reserved 1048576K

Card table byte_map: [0x00000202a5760000,0x00000202a5b70000] _byte_map_base: 0x00000202a5360000

Marking Bits: (ParMarkBitMap*) 0x00007ffcba9b4460
 Begin Bits: [0x00000202b8270000, 0x00000202ba270000)
 End Bits:   [0x00000202ba270000, 0x00000202bc270000)

Polling page: 0x00000202a37b0000

Metaspace:

Usage:
  Non-class:      8.49 MB used.
      Class:   1015.73 KB used.
       Both:      9.48 MB used.

Virtual space:
  Non-class space:       64.00 MB reserved,       8.62 MB ( 13%) committed,  1 nodes.
      Class space:        1.00 GB reserved,       1.12 MB ( <1%) committed,  1 nodes.
             Both:        1.06 GB reserved,       9.75 MB ( <1%) committed. 

Chunk freelists:
   Non-Class:  6.56 MB
       Class:  14.78 MB
        Both:  21.34 MB

MaxMetaspaceSize: unlimited
CompressedClassSpaceSize: 1.00 GB
Initial GC threshold: 21.00 MB
Current GC threshold: 21.00 MB
CDS: on
 - commit_granule_bytes: 65536.
 - commit_granule_words: 8192.
 - virtual_space_node_default_size: 8388608.
 - enlarge_chunks_in_place: 1.
 - use_allocation_guard: 0.


Internal statistics:

num_allocs_failed_limit: 0.
num_arena_births: 264.
num_arena_deaths: 0.
num_vsnodes_births: 2.
num_vsnodes_deaths: 0.
num_space_committed: 156.
num_space_uncommitted: 0.
num_chunks_returned_to_freelist: 0.
num_chunks_taken_from_freelist: 522.
num_chunk_merges: 0.
num_chunk_splits: 335.
num_chunks_enlarged: 218.
num_inconsistent_stats: 0.

CodeHeap 'non-profiled nmethods': size=120000Kb used=1157Kb max_used=1157Kb free=118842Kb
 bounds [0x00000202b0a90000, 0x00000202b0d00000, 0x00000202b7fc0000]
CodeHeap 'profiled nmethods': size=120000Kb used=4664Kb max_used=4664Kb free=115335Kb
 bounds [0x00000202a8fc0000, 0x00000202a9450000, 0x00000202b04f0000]
CodeHeap 'non-nmethods': size=5760Kb used=1233Kb max_used=1273Kb free=4526Kb
 bounds [0x00000202b04f0000, 0x00000202b0760000, 0x00000202b0a90000]
CodeCache: size=245760Kb, used=7054Kb, max_used=7094Kb, free=238703Kb
 total_blobs=2937, nmethods=2438, adapters=405, full_count=0
Compilation: enabled, stopped_count=0, restarted_count=0

Compilation events (20 events):
Event: 5.873 Thread 0x00000202a5d09170 nmethod 2383 0x00000202a9435910 code [0x00000202a9435ac0, 0x00000202a9435c90]
Event: 5.875 Thread 0x00000202a5d09170 2384       3       java.lang.invoke.MethodHandle::asTypeUncached (54 bytes)
Event: 5.876 Thread 0x00000202a5d09170 nmethod 2384 0x00000202a9435d90 code [0x00000202a9436060, 0x00000202a9436b58]
Event: 5.876 Thread 0x00000202a5d09170 2385       3       java.lang.invoke.MethodHandleImpl::makePairwiseConvert (8 bytes)
Event: 5.876 Thread 0x00000202a5d09170 nmethod 2385 0x00000202a9437010 code [0x00000202a94371c0, 0x00000202a94372e0]
Event: 5.876 Thread 0x00000202a5d09170 2386       3       java.lang.invoke.MethodHandleImpl::makePairwiseConvert (22 bytes)
Event: 5.876 Thread 0x00000202a5d09170 nmethod 2386 0x00000202a9437390 code [0x00000202a9437540, 0x00000202a9437750]
Event: 5.877 Thread 0x00000202a5d09170 2387       3       java.lang.invoke.BoundMethodHandle$Species_L::<init> (12 bytes)
Event: 5.877 Thread 0x00000202a5d09170 nmethod 2387 0x00000202a9437890 code [0x00000202a9437a40, 0x00000202a9437c28]
Event: 5.877 Thread 0x00000202a5d09170 2388       1       java.lang.reflect.Field::getModifiers (5 bytes)
Event: 5.878 Thread 0x00000202a5d09170 nmethod 2388 0x00000202b0bacc10 code [0x00000202b0bacda0, 0x00000202b0bace68]
Event: 5.878 Thread 0x00000202a5d09170 2389       3       java.lang.invoke.MethodType::methodType (21 bytes)
Event: 5.878 Thread 0x00000202a5d09170 nmethod 2389 0x00000202a9437d10 code [0x00000202a9437ee0, 0x00000202a94380b0]
Event: 5.879 Thread 0x00000202a5d09170 2390       3       java.lang.reflect.Array::newInstance (6 bytes)
Event: 5.879 Thread 0x00000202a5d09170 nmethod 2390 0x00000202a9438190 code [0x00000202a9438340, 0x00000202a9438458]
Event: 5.879 Thread 0x00000202a5d09170 2391       3       java.lang.invoke.DirectMethodHandle::shouldBeInitialized (117 bytes)
Event: 5.880 Thread 0x00000202a5d09170 nmethod 2391 0x00000202a9438510 code [0x00000202a9438760, 0x00000202a9438f10]
Event: 5.880 Thread 0x00000202a5d09170 2393       3       java.lang.invoke.MethodHandle::asType (32 bytes)
Event: 5.880 Thread 0x00000202a5d09170 nmethod 2393 0x00000202a9439110 code [0x00000202a9439340, 0x00000202a94399d0]
Event: 5.880 Thread 0x00000202a5d09170 2394       3       java.lang.invoke.BoundMethodHandle$Species_L::make (11 bytes)

GC Heap History (6 events):
Event: 1.716 GC heap before
{Heap before GC invocations=1 (full 0):
 PSYoungGen      total 29696K, used 25600K [0x00000000d5580000, 0x00000000d7680000, 0x0000000100000000)
  eden space 25600K, 100% used [0x00000000d5580000,0x00000000d6e80000,0x00000000d6e80000)
  from space 4096K, 0% used [0x00000000d7280000,0x00000000d7280000,0x00000000d7680000)
  to   space 4096K, 0% used [0x00000000d6e80000,0x00000000d6e80000,0x00000000d7280000)
 ParOldGen       total 68608K, used 0K [0x0000000080000000, 0x0000000084300000, 0x00000000d5580000)
  object space 68608K, 0% used [0x0000000080000000,0x0000000080000000,0x0000000084300000)
 Metaspace       used 4386K, committed 4608K, reserved 1114112K
  class space    used 476K, committed 576K, reserved 1048576K
}
Event: 1.726 GC heap after
{Heap after GC invocations=1 (full 0):
 PSYoungGen      total 29696K, used 3312K [0x00000000d5580000, 0x00000000d7680000, 0x0000000100000000)
  eden space 25600K, 0% used [0x00000000d5580000,0x00000000d5580000,0x00000000d6e80000)
  from space 4096K, 80% used [0x00000000d6e80000,0x00000000d71bc148,0x00000000d7280000)
  to   space 4096K, 0% used [0x00000000d7280000,0x00000000d7280000,0x00000000d7680000)
 ParOldGen       total 68608K, used 8K [0x0000000080000000, 0x0000000084300000, 0x00000000d5580000)
  object space 68608K, 0% used [0x0000000080000000,0x0000000080002000,0x0000000084300000)
 Metaspace       used 4386K, committed 4608K, reserved 1114112K
  class space    used 476K, committed 576K, reserved 1048576K
}
Event: 2.921 GC heap before
{Heap before GC invocations=2 (full 0):
 PSYoungGen      total 29696K, used 28912K [0x00000000d5580000, 0x00000000d7680000, 0x0000000100000000)
  eden space 25600K, 100% used [0x00000000d5580000,0x00000000d6e80000,0x00000000d6e80000)
  from space 4096K, 80% used [0x00000000d6e80000,0x00000000d71bc148,0x00000000d7280000)
  to   space 4096K, 0% used [0x00000000d7280000,0x00000000d7280000,0x00000000d7680000)
 ParOldGen       total 68608K, used 8K [0x0000000080000000, 0x0000000084300000, 0x00000000d5580000)
  object space 68608K, 0% used [0x0000000080000000,0x0000000080002000,0x0000000084300000)
 Metaspace       used 8044K, committed 8320K, reserved 1114112K
  class space    used 841K, committed 960K, reserved 1048576K
}
Event: 2.929 GC heap after
{Heap after GC invocations=2 (full 0):
 PSYoungGen      total 29696K, used 4070K [0x00000000d5580000, 0x00000000d7680000, 0x0000000100000000)
  eden space 25600K, 0% used [0x00000000d5580000,0x00000000d5580000,0x00000000d6e80000)
  from space 4096K, 99% used [0x00000000d7280000,0x00000000d7679820,0x00000000d7680000)
  to   space 4096K, 0% used [0x00000000d6e80000,0x00000000d6e80000,0x00000000d7280000)
 ParOldGen       total 68608K, used 1966K [0x0000000080000000, 0x0000000084300000, 0x00000000d5580000)
  object space 68608K, 2% used [0x0000000080000000,0x00000000801ebb30,0x0000000084300000)
 Metaspace       used 8044K, committed 8320K, reserved 1114112K
  class space    used 841K, committed 960K, reserved 1048576K
}
Event: 3.618 GC heap before
{Heap before GC invocations=3 (full 0):
 PSYoungGen      total 29696K, used 29455K [0x00000000d5580000, 0x00000000d7680000, 0x0000000100000000)
  eden space 25600K, 99% used [0x00000000d5580000,0x00000000d6e4a508,0x00000000d6e80000)
  from space 4096K, 99% used [0x00000000d7280000,0x00000000d7679820,0x00000000d7680000)
  to   space 4096K, 0% used [0x00000000d6e80000,0x00000000d6e80000,0x00000000d7280000)
 ParOldGen       total 68608K, used 1966K [0x0000000080000000, 0x0000000084300000, 0x00000000d5580000)
  object space 68608K, 2% used [0x0000000080000000,0x00000000801ebb30,0x0000000084300000)
 Metaspace       used 9443K, committed 9728K, reserved 1114112K
  class space    used 1006K, committed 1152K, reserved 1048576K
}
Event: 3.629 GC heap after
{Heap after GC invocations=3 (full 0):
 PSYoungGen      total 29696K, used 4087K [0x00000000d5580000, 0x00000000d7680000, 0x0000000100000000)
  eden space 25600K, 0% used [0x00000000d5580000,0x00000000d5580000,0x00000000d6e80000)
  from space 4096K, 99% used [0x00000000d6e80000,0x00000000d727ded8,0x00000000d7280000)
  to   space 4096K, 0% used [0x00000000d7280000,0x00000000d7280000,0x00000000d7680000)
 ParOldGen       total 68608K, used 5043K [0x0000000080000000, 0x0000000084300000, 0x00000000d5580000)
  object space 68608K, 7% used [0x0000000080000000,0x00000000804ecd10,0x0000000084300000)
 Metaspace       used 9443K, committed 9728K, reserved 1114112K
  class space    used 1006K, committed 1152K, reserved 1048576K
}

Dll operation events (9 events):
Event: 0.038 Loaded shared library c:\Users\DELL\.vscode\extensions\redhat.java-1.55.0-win32-x64\jre\21.0.11-win32-x86_64\bin\java.dll
Event: 0.230 Loaded shared library c:\Users\DELL\.vscode\extensions\redhat.java-1.55.0-win32-x64\jre\21.0.11-win32-x86_64\bin\zip.dll
Event: 0.257 Loaded shared library C:\Users\DELL\.vscode\extensions\redhat.java-1.55.0-win32-x64\jre\21.0.11-win32-x86_64\bin\instrument.dll
Event: 0.264 Loaded shared library C:\Users\DELL\.vscode\extensions\redhat.java-1.55.0-win32-x64\jre\21.0.11-win32-x86_64\bin\net.dll
Event: 0.267 Loaded shared library C:\Users\DELL\.vscode\extensions\redhat.java-1.55.0-win32-x64\jre\21.0.11-win32-x86_64\bin\nio.dll
Event: 0.271 Loaded shared library C:\Users\DELL\.vscode\extensions\redhat.java-1.55.0-win32-x64\jre\21.0.11-win32-x86_64\bin\zip.dll
Event: 0.287 Loaded shared library C:\Users\DELL\.vscode\extensions\redhat.java-1.55.0-win32-x64\jre\21.0.11-win32-x86_64\bin\jimage.dll
Event: 0.362 Loaded shared library c:\Users\DELL\.vscode\extensions\redhat.java-1.55.0-win32-x64\jre\21.0.11-win32-x86_64\bin\verify.dll
Event: 2.940 Loaded shared library C:\Users\DELL\AppData\Roaming\Code\User\globalStorage\redhat.java\1.55.0\config_win\org.eclipse.equinox.launcher\org.eclipse.equinox.launcher.win32.win32.x86_64_1.3.100.v20260613-0559\eclipse_11924.dll

Deoptimization events (20 events):
Event: 3.789 Thread 0x00000202fec7f090 DEOPT PACKING pc=0x00000202a93d6e49 sp=0x000000f51c7fd660
Event: 3.789 Thread 0x00000202fec7f090 DEOPT UNPACKING pc=0x00000202b0544242 sp=0x000000f51c7fcad0 mode 0
Event: 3.796 Thread 0x00000202fec7f090 DEOPT PACKING pc=0x00000202a93d6e49 sp=0x000000f51c7fd660
Event: 3.796 Thread 0x00000202fec7f090 DEOPT UNPACKING pc=0x00000202b0544242 sp=0x000000f51c7fcad0 mode 0
Event: 3.819 Thread 0x00000202fec7f090 DEOPT PACKING pc=0x00000202a93d6e49 sp=0x000000f51c7fd5a0
Event: 3.819 Thread 0x00000202fec7f090 DEOPT UNPACKING pc=0x00000202b0544242 sp=0x000000f51c7fca10 mode 0
Event: 3.841 Thread 0x00000202fec7f090 DEOPT PACKING pc=0x00000202a93d6e49 sp=0x000000f51c7fd660
Event: 3.841 Thread 0x00000202fec7f090 DEOPT UNPACKING pc=0x00000202b0544242 sp=0x000000f51c7fcad0 mode 0
Event: 3.844 Thread 0x00000202fec7f090 DEOPT PACKING pc=0x00000202a93d6e49 sp=0x000000f51c7fd5a0
Event: 3.844 Thread 0x00000202fec7f090 DEOPT UNPACKING pc=0x00000202b0544242 sp=0x000000f51c7fca10 mode 0
Event: 3.871 Thread 0x00000202fec7f090 Uncommon trap: trap_request=0xffffff45 fr.pc=0x00000202b0b0db68 relative=0x00000000000001a8
Event: 3.871 Thread 0x00000202fec7f090 Uncommon trap: reason=unstable_if action=reinterpret pc=0x00000202b0b0db68 method=java.lang.String.startsWith(Ljava/lang/String;I)Z @ 50 c2
Event: 3.871 Thread 0x00000202fec7f090 DEOPT PACKING pc=0x00000202b0b0db68 sp=0x000000f51c7fe5b0
Event: 3.871 Thread 0x00000202fec7f090 DEOPT UNPACKING pc=0x00000202b0543aa2 sp=0x000000f51c7fe4e0 mode 2
Event: 4.037 Thread 0x00000202fec7f090 DEOPT PACKING pc=0x00000202a93d6e49 sp=0x000000f51c7fd720
Event: 4.037 Thread 0x00000202fec7f090 DEOPT UNPACKING pc=0x00000202b0544242 sp=0x000000f51c7fcb90 mode 0
Event: 5.865 Thread 0x00000202fec7f090 Uncommon trap: trap_request=0xffffff45 fr.pc=0x00000202b0b9c800 relative=0x00000000000012e0
Event: 5.865 Thread 0x00000202fec7f090 Uncommon trap: reason=unstable_if action=reinterpret pc=0x00000202b0b9c800 method=java.util.Properties.loadConvert([CIILjava/lang/StringBuilder;)Ljava/lang/String; @ 491 c2
Event: 5.865 Thread 0x00000202fec7f090 DEOPT PACKING pc=0x00000202b0b9c800 sp=0x000000f51c7fe050
Event: 5.865 Thread 0x00000202fec7f090 DEOPT UNPACKING pc=0x00000202b0543aa2 sp=0x000000f51c7fe040 mode 2

Classes loaded (20 events):
Event: 3.149 Loading class sun/util/logging/resources/logging_en_US
Event: 3.149 Loading class sun/util/logging/resources/logging_en_US done
Event: 3.149 Loading class sun/util/logging/resources/logging_en_US
Event: 3.149 Loading class sun/util/logging/resources/logging_en_US done
Event: 3.151 Loading class java/util/Formatter$DateTime
Event: 3.151 Loading class java/util/Formatter$DateTime done
Event: 3.151 Loading class java/util/Formatter$FixedString
Event: 3.151 Loading class java/util/Formatter$FixedString done
Event: 3.152 Loading class java/time/ZonedDateTime$1
Event: 3.152 Loading class java/time/ZonedDateTime$1 done
Event: 3.157 Loading class jdk/internal/module/ModulePatcher$PatchedModuleReader
Event: 3.157 Loading class jdk/internal/module/ModulePatcher$PatchedModuleReader done
Event: 3.168 Loading class sun/text/resources/cldr/FormatData_en
Event: 3.168 Loading class sun/text/resources/cldr/FormatData_en done
Event: 3.168 Loading class sun/text/resources/cldr/FormatData_en_US
Event: 3.168 Loading class sun/text/resources/cldr/FormatData_en_US done
Event: 5.852 Loading class java/util/zip/DataFormatException
Event: 5.856 Loading class java/util/zip/DataFormatException done
Event: 5.866 Loading class java/lang/invoke/DirectMethodHandle$StaticAccessor
Event: 5.867 Loading class java/lang/invoke/DirectMethodHandle$StaticAccessor done

Classes unloaded (0 events):
No events

Classes redefined (0 events):
No events

Internal exceptions (20 events):
Event: 1.798 Thread 0x00000202a5dddb70 Exception <a 'java/lang/NoSuchMethodError'{0x00000000d56d2db0}: 'void java.lang.invoke.DirectMethodHandle$Holder.invokeStatic(java.lang.Object, java.lang.Object, java.lang.Object, java.lang.Object)'> (0x00000000d56d2db0) 
thrown [s\src\hotspot\share\interpreter\linkResolver.cpp, line 773]
Event: 1.801 Thread 0x00000202a5dddb70 Implicit null exception at 0x00000202b0af17c0 to 0x00000202b0af1a94
Event: 1.801 Thread 0x00000202a5dddb70 Implicit null exception at 0x00000202b0af0bc0 to 0x00000202b0af0c45
Event: 1.940 Thread 0x00000202a5dddb70 Exception <a 'java/lang/NoSuchMethodError'{0x00000000d59b98e8}: 'void java.lang.invoke.DirectMethodHandle$Holder.invokeSpecial(java.lang.Object, java.lang.Object, java.lang.Object)'> (0x00000000d59b98e8) 
thrown [s\src\hotspot\share\interpreter\linkResolver.cpp, line 773]
Event: 2.452 Thread 0x00000202a5dddb70 Exception <a 'java/lang/NoSuchMethodError'{0x00000000d640c8f8}: 'int java.lang.invoke.DirectMethodHandle$Holder.invokeVirtual(java.lang.Object, java.lang.Object)'> (0x00000000d640c8f8) 
thrown [s\src\hotspot\share\interpreter\linkResolver.cpp, line 773]
Event: 2.522 Thread 0x00000202a5dddb70 Exception <a 'java/lang/NoSuchMethodError'{0x00000000d6581ee8}: 'int java.lang.invoke.DirectMethodHandle$Holder.invokeStaticInit(java.lang.Object, java.lang.Object, java.lang.Object, java.lang.Object)'> (0x00000000d6581ee8) 
thrown [s\src\hotspot\share\interpreter\linkResolver.cpp, line 773]
Event: 2.523 Thread 0x00000202a5dddb70 Exception <a 'java/lang/IncompatibleClassChangeError'{0x00000000d658a5d0}: Found class java.lang.Object, but interface was expected> (0x00000000d658a5d0) 
thrown [s\src\hotspot\share\interpreter\linkResolver.cpp, line 840]
Event: 2.524 Thread 0x00000202a5dddb70 Exception <a 'java/lang/NoSuchMethodError'{0x00000000d6590b60}: 'void java.lang.invoke.DirectMethodHandle$Holder.invokeStaticInit(java.lang.Object, java.lang.Object)'> (0x00000000d6590b60) 
thrown [s\src\hotspot\share\interpreter\linkResolver.cpp, line 773]
Event: 2.525 Thread 0x00000202a5dddb70 Exception <a 'java/lang/NoSuchMethodError'{0x00000000d6599d18}: 'int java.lang.invoke.DirectMethodHandle$Holder.invokeStaticInit(java.lang.Object, java.lang.Object)'> (0x00000000d6599d18) 
thrown [s\src\hotspot\share\interpreter\linkResolver.cpp, line 773]
Event: 2.601 Thread 0x00000202a5dddb70 Exception <a 'java/lang/NoSuchMethodError'{0x00000000d67e2680}: 'java.lang.Object java.lang.invoke.DirectMethodHandle$Holder.newInvokeSpecial(java.lang.Object, int, java.lang.Object)'> (0x00000000d67e2680) 
thrown [s\src\hotspot\share\interpreter\linkResolver.cpp, line 773]
Event: 2.680 Thread 0x00000202a5dddb70 Exception <a 'java/lang/ClassNotFoundException'{0x00000000d6a04558}: sun/net/www/protocol/plurl/Handler> (0x00000000d6a04558) 
thrown [s\src\hotspot\share\classfile\systemDictionary.cpp, line 313]
Event: 2.680 Thread 0x00000202a5dddb70 Exception <a 'java/lang/ClassNotFoundException'{0x00000000d6a053d8}: sun/net/www/protocol/plurl/Handler> (0x00000000d6a053d8) 
thrown [s\src\hotspot\share\classfile\systemDictionary.cpp, line 313]
Event: 2.934 Thread 0x00000202a5dddb70 Exception <a 'java/lang/UnsatisfiedLinkError'{0x00000000d5587140}: 'void org.eclipse.equinox.launcher.JNIBridge._update_splash()'> (0x00000000d5587140) 
thrown [s\src\hotspot\share\prims\nativeLookup.cpp, line 415]
Event: 2.979 Thread 0x00000202a5cce2e0 Exception <a 'java/lang/NoSuchMethodError'{0x00000000d586b3b0}: 'void java.lang.invoke.DirectMethodHandle$Holder.invokeInterface(java.lang.Object, java.lang.Object, java.lang.Object)'> (0x00000000d586b3b0) 
thrown [s\src\hotspot\share\interpreter\linkResolver.cpp, line 773]
Event: 3.087 Thread 0x00000202fec7f090 Exception <a 'java/lang/NoSuchMethodError'{0x00000000d5c35f08}: 'java.lang.Object java.lang.invoke.DirectMethodHandle$Holder.newInvokeSpecial(java.lang.Object, java.lang.Object, int, java.lang.Object)'> (0x00000000d5c35f08) 
thrown [s\src\hotspot\share\interpreter\linkResolver.cpp, line 773]
Event: 3.087 Thread 0x00000202fec7f090 Exception <a 'java/lang/NoSuchMethodError'{0x00000000d5c39d38}: 'java.lang.Object java.lang.invoke.DirectMethodHandle$Holder.invokeSpecial(java.lang.Object, java.lang.Object, java.lang.Object, int, java.lang.Object)'> (0x00000000d5c39d38) 
thrown [s\src\hotspot\share\interpreter\linkResolver.cpp, line 773]
Event: 3.106 Thread 0x00000202fec7f090 Exception <a 'java/lang/NoClassDefFoundError'{0x00000000d5ce0b30}: jakarta/servlet/ServletContainerInitializer> (0x00000000d5ce0b30) 
thrown [s\src\hotspot\share\classfile\systemDictionary.cpp, line 302]
Event: 3.143 Thread 0x00000202fec7f090 Exception <a 'java/lang/ClassNotFoundException'{0x00000000d5e4cef0}: sun/util/logging/resources/spi/loggingProvider> (0x00000000d5e4cef0) 
thrown [s\src\hotspot\share\classfile\systemDictionary.cpp, line 313]
Event: 5.852 Thread 0x00000202fec7f090 Exception <a 'java/lang/OutOfMemoryError'{0x00000000d633aa18}> (0x00000000d633aa18) 
thrown [s\src\hotspot\share\prims\jni.cpp, line 539]
Event: 5.869 Thread 0x00000202fec7f090 Exception <a 'java/lang/NoSuchMethodError'{0x00000000d6392470}: 'void java.lang.invoke.Invokers$Holder.invokeExact_MT(java.lang.Object, java.lang.Object, java.lang.Object)'> (0x00000000d6392470) 
thrown [s\src\hotspot\share\interpreter\linkResolver.cpp, line 773]

ZGC Phase Switch (0 events):
No events

VM Operations (20 events):
Event: 2.652 Executing non-safepoint VM operation: HandshakeAllThreads (Deoptimize)
Event: 2.652 Executing non-safepoint VM operation: HandshakeAllThreads (Deoptimize) done
Event: 2.671 Executing non-safepoint VM operation: HandshakeAllThreads (Deoptimize)
Event: 2.671 Executing non-safepoint VM operation: HandshakeAllThreads (Deoptimize) done
Event: 2.921 Executing safepoint VM operation: ParallelGCFailedAllocation (Allocation Failure)
Event: 2.929 Executing safepoint VM operation: ParallelGCFailedAllocation (Allocation Failure) done
Event: 3.129 Executing non-safepoint VM operation: HandshakeAllThreads (Deoptimize)
Event: 3.129 Executing non-safepoint VM operation: HandshakeAllThreads (Deoptimize) done
Event: 3.157 Executing non-safepoint VM operation: HandshakeAllThreads (Deoptimize)
Event: 3.157 Executing non-safepoint VM operation: HandshakeAllThreads (Deoptimize) done
Event: 3.173 Executing non-safepoint VM operation: HandshakeAllThreads (Deoptimize)
Event: 3.173 Executing non-safepoint VM operation: HandshakeAllThreads (Deoptimize) done
Event: 3.190 Executing non-safepoint VM operation: HandshakeAllThreads (Deoptimize)
Event: 3.190 Executing non-safepoint VM operation: HandshakeAllThreads (Deoptimize) done
Event: 3.618 Executing safepoint VM operation: ParallelGCFailedAllocation (Allocation Failure)
Event: 3.629 Executing safepoint VM operation: ParallelGCFailedAllocation (Allocation Failure) done
Event: 4.029 Executing non-safepoint VM operation: HandshakeAllThreads (Deoptimize)
Event: 4.029 Executing non-safepoint VM operation: HandshakeAllThreads (Deoptimize) done
Event: 5.041 Executing safepoint VM operation: Cleanup
Event: 5.041 Executing safepoint VM operation: Cleanup done

Memory protections (0 events):
No events

Nmethod flushes (0 events):
No events

Events (20 events):
Event: 0.152 Thread 0x00000202a5dddb70 Thread added: 0x00000202a5ccf690
Event: 0.153 Thread 0x00000202a5dddb70 Thread added: 0x00000202a5ccfd20
Event: 0.153 Thread 0x00000202a5dddb70 Thread added: 0x00000202a5ccd5c0
Event: 0.153 Thread 0x00000202a5dddb70 Thread added: 0x00000202a5d060b0
Event: 0.153 Thread 0x00000202a5dddb70 Thread added: 0x00000202a5d09170
Event: 0.260 Thread 0x00000202a5dddb70 Thread added: 0x00000202a5cd0a40
Event: 0.359 Thread 0x00000202a5d09170 Thread added: 0x00000202fe571660
Event: 0.533 Thread 0x00000202fe571660 Thread exited: 0x00000202fe571660
Event: 0.568 Thread 0x00000202a5dddb70 Thread added: 0x00000202a5cce970
Event: 0.804 Thread 0x00000202a5d09170 Thread added: 0x00000202fe72ca70
Event: 1.918 Thread 0x00000202fe72ca70 Thread exited: 0x00000202fe72ca70
Event: 2.055 Thread 0x00000202a5d09170 Thread added: 0x00000202fecb0c90
Event: 2.546 Thread 0x00000202a5dddb70 Thread added: 0x00000202a5ccdc50
Event: 2.920 Thread 0x00000202a5dddb70 Thread added: 0x00000202a5cce2e0
Event: 2.983 Thread 0x00000202a5cce2e0 Thread added: 0x00000202a5ccf000
Event: 2.986 Thread 0x00000202a5dddb70 Thread added: 0x00000202fec7f090
Event: 3.033 Thread 0x00000202fecb0c90 Thread exited: 0x00000202fecb0c90
Event: 3.203 Thread 0x00000202a5d09170 Thread added: 0x00000202fec874d0
Event: 3.748 Thread 0x00000202fec7f090 Thread added: 0x00000202fec838c0
Event: 4.213 Thread 0x00000202fec874d0 Thread exited: 0x00000202fec874d0


Dynamic libraries:
0x00007ff6d3cf0000 - 0x00007ff6d3cfe000 	c:\Users\DELL\.vscode\extensions\redhat.java-1.55.0-win32-x64\jre\21.0.11-win32-x86_64\bin\java.exe
0x00007ffd21cd0000 - 0x00007ffd21ec8000 	C:\Windows\SYSTEM32\ntdll.dll
0x00007ffd219b0000 - 0x00007ffd21a72000 	C:\Windows\System32\KERNEL32.DLL
0x00007ffd1f6e0000 - 0x00007ffd1f9d6000 	C:\Windows\System32\KERNELBASE.dll
0x00007ffd1c390000 - 0x00007ffd1c424000 	C:\Windows\SYSTEM32\apphelp.dll
0x00007ffd1f4c0000 - 0x00007ffd1f5c0000 	C:\Windows\System32\ucrtbase.dll
0x00007ffd17a80000 - 0x00007ffd17a98000 	c:\Users\DELL\.vscode\extensions\redhat.java-1.55.0-win32-x64\jre\21.0.11-win32-x86_64\bin\jli.dll
0x00007ffd17a30000 - 0x00007ffd17a4e000 	c:\Users\DELL\.vscode\extensions\redhat.java-1.55.0-win32-x64\jre\21.0.11-win32-x86_64\bin\VCRUNTIME140.dll
0x00007ffd20a50000 - 0x00007ffd20bf1000 	C:\Windows\System32\USER32.dll
0x00007ffd1f9e0000 - 0x00007ffd1fa02000 	C:\Windows\System32\win32u.dll
0x00007ffd0c6b0000 - 0x00007ffd0c94b000 	C:\Windows\WinSxS\amd64_microsoft.windows.common-controls_6595b64144ccf1df_6.0.19041.6456_none_60b8a6cb71f64256\COMCTL32.dll
0x00007ffd21540000 - 0x00007ffd2156b000 	C:\Windows\System32\GDI32.dll
0x00007ffd1f5c0000 - 0x00007ffd1f6d9000 	C:\Windows\System32\gdi32full.dll
0x00007ffd1fb10000 - 0x00007ffd1fbad000 	C:\Windows\System32\msvcp_win.dll
0x00007ffd1ff70000 - 0x00007ffd2000e000 	C:\Windows\System32\msvcrt.dll
0x00007ffd20010000 - 0x00007ffd2003f000 	C:\Windows\System32\IMM32.DLL
0x0000000053e20000 - 0x0000000053e2d000 	C:\Program Files (x86)\360\Total Security\safemon\SafeWrapper.dll
0x00007ffd1feb0000 - 0x00007ffd1ff61000 	C:\Windows\System32\ADVAPI32.dll
0x00007ffd211c0000 - 0x00007ffd2125f000 	C:\Windows\System32\sechost.dll
0x00007ffd21420000 - 0x00007ffd21540000 	C:\Windows\System32\RPCRT4.dll
0x00007ffd1fbb0000 - 0x00007ffd1fbd7000 	C:\Windows\System32\bcrypt.dll
0x00007ffd1d9b0000 - 0x00007ffd1dab5000 	C:\Program Files (x86)\360\Total Security\safemon\libzdtp64.dll
0x00007ffd202e0000 - 0x00007ffd20a50000 	C:\Windows\System32\SHELL32.dll
0x00007ffd21940000 - 0x00007ffd2199b000 	C:\Windows\System32\SHLWAPI.dll
0x00007ffd1ee00000 - 0x00007ffd1ee0a000 	C:\Windows\SYSTEM32\VERSION.dll
0x00007ffd18e00000 - 0x00007ffd18e0c000 	c:\Users\DELL\.vscode\extensions\redhat.java-1.55.0-win32-x64\jre\21.0.11-win32-x86_64\bin\vcruntime140_1.dll
0x00007ffcf6f10000 - 0x00007ffcf6f9d000 	c:\Users\DELL\.vscode\extensions\redhat.java-1.55.0-win32-x64\jre\21.0.11-win32-x86_64\bin\msvcp140.dll
0x00007ffcb9cf0000 - 0x00007ffcbaa92000 	c:\Users\DELL\.vscode\extensions\redhat.java-1.55.0-win32-x64\jre\21.0.11-win32-x86_64\bin\server\jvm.dll
0x00007ffd218d0000 - 0x00007ffd2193b000 	C:\Windows\System32\WS2_32.dll
0x00007ffd1f1c0000 - 0x00007ffd1f20b000 	C:\Windows\SYSTEM32\POWRPROF.dll
0x00007ffd0bb70000 - 0x00007ffd0bb97000 	C:\Windows\SYSTEM32\WINMM.dll
0x00007ffd1f1a0000 - 0x00007ffd1f1b2000 	C:\Windows\SYSTEM32\UMPDC.dll
0x00007ffd1daf0000 - 0x00007ffd1db02000 	C:\Windows\SYSTEM32\kernel.appcore.dll
0x00007ffd16a40000 - 0x00007ffd16a4a000 	c:\Users\DELL\.vscode\extensions\redhat.java-1.55.0-win32-x64\jre\21.0.11-win32-x86_64\bin\jimage.dll
0x00007ffd1c8f0000 - 0x00007ffd1caf1000 	C:\Windows\SYSTEM32\DBGHELP.DLL
0x00007ffcfd040000 - 0x00007ffcfd074000 	C:\Windows\SYSTEM32\dbgcore.DLL
0x00007ffd1fc60000 - 0x00007ffd1fce2000 	C:\Windows\System32\bcryptPrimitives.dll
0x00007ffd16840000 - 0x00007ffd1684f000 	c:\Users\DELL\.vscode\extensions\redhat.java-1.55.0-win32-x64\jre\21.0.11-win32-x86_64\bin\instrument.dll
0x00007ffd16090000 - 0x00007ffd160b0000 	c:\Users\DELL\.vscode\extensions\redhat.java-1.55.0-win32-x64\jre\21.0.11-win32-x86_64\bin\java.dll
0x00007ffd1d1f0000 - 0x00007ffd1d995000 	C:\Windows\SYSTEM32\windows.storage.dll
0x00007ffd21570000 - 0x00007ffd218c4000 	C:\Windows\System32\combase.dll
0x00007ffd1eb60000 - 0x00007ffd1eb8b000 	C:\Windows\SYSTEM32\Wldp.dll
0x00007ffd210f0000 - 0x00007ffd211bd000 	C:\Windows\System32\OLEAUT32.dll
0x00007ffd20040000 - 0x00007ffd200ed000 	C:\Windows\System32\SHCORE.dll
0x00007ffd1f290000 - 0x00007ffd1f2b4000 	C:\Windows\SYSTEM32\profapi.dll
0x00007ffd16070000 - 0x00007ffd16088000 	c:\Users\DELL\.vscode\extensions\redhat.java-1.55.0-win32-x64\jre\21.0.11-win32-x86_64\bin\zip.dll
0x00007ffd16830000 - 0x00007ffd16840000 	C:\Users\DELL\.vscode\extensions\redhat.java-1.55.0-win32-x64\jre\21.0.11-win32-x86_64\bin\net.dll
0x00007ffd166c0000 - 0x00007ffd167ca000 	C:\Windows\SYSTEM32\WINHTTP.dll
0x00007ffd1e940000 - 0x00007ffd1e9aa000 	C:\Windows\system32\mswsock.dll
0x00007ffd16030000 - 0x00007ffd16046000 	C:\Users\DELL\.vscode\extensions\redhat.java-1.55.0-win32-x64\jre\21.0.11-win32-x86_64\bin\nio.dll
0x00007ffd167d0000 - 0x00007ffd167e0000 	c:\Users\DELL\.vscode\extensions\redhat.java-1.55.0-win32-x64\jre\21.0.11-win32-x86_64\bin\verify.dll
0x00007ffcf1d10000 - 0x00007ffcf1d55000 	C:\Users\DELL\AppData\Roaming\Code\User\globalStorage\redhat.java\1.55.0\config_win\org.eclipse.equinox.launcher\org.eclipse.equinox.launcher.win32.win32.x86_64_1.3.100.v20260613-0559\eclipse_11924.dll
0x00007ffd21a80000 - 0x00007ffd21bab000 	C:\Windows\System32\ole32.dll

JVMTI agents:
c:\Users\DELL\.vscode\extensions\redhat.java-1.55.0-win32-x64\lombok\lombok-1.18.39-4050.jar path:c:\Users\DELL\.vscode\extensions\redhat.java-1.55.0-win32-x64\jre\21.0.11-win32-x86_64\bin\instrument.dll, loaded, initialized, instrumentlib options:none

dbghelp: loaded successfully - version: 4.0.5 - missing functions: none
symbol engine: initialized successfully - sym options: 0x614 - pdb path: .;c:\Users\DELL\.vscode\extensions\redhat.java-1.55.0-win32-x64\jre\21.0.11-win32-x86_64\bin;C:\Windows\SYSTEM32;C:\Windows\WinSxS\amd64_microsoft.windows.common-controls_6595b64144ccf1df_6.0.19041.6456_none_60b8a6cb71f64256;C:\Program Files (x86)\360\Total Security\safemon;c:\Users\DELL\.vscode\extensions\redhat.java-1.55.0-win32-x64\jre\21.0.11-win32-x86_64\bin\server;C:\Users\DELL\AppData\Roaming\Code\User\globalStorage\redhat.java\1.55.0\config_win\org.eclipse.equinox.launcher\org.eclipse.equinox.launcher.win32.win32.x86_64_1.3.100.v20260613-0559

VM Arguments:
jvm_args: --add-modules=ALL-SYSTEM --add-opens=java.base/java.util=ALL-UNNAMED --add-opens=java.base/java.lang=ALL-UNNAMED --add-opens=java.base/sun.nio.fs=ALL-UNNAMED -Declipse.application=org.eclipse.jdt.ls.core.id1 -Dosgi.bundles.defaultStartLevel=4 -Declipse.product=org.eclipse.jdt.ls.core.product -Djava.import.generatesMetadataFilesAtProjectRoot=false -DDetectVMInstallationsJob.disabled=true -Dfile.encoding=utf8 -XX:+UseParallelGC -XX:GCTimeRatio=4 -XX:AdaptiveSizePolicyWeight=90 -Dsun.zip.disableMemoryMapping=true -Xmx2G -Xms100m -Xlog:disable -javaagent:c:\Users\DELL\.vscode\extensions\redhat.java-1.55.0-win32-x64\lombok\lombok-1.18.39-4050.jar -XX:+HeapDumpOnOutOfMemoryError -XX:HeapDumpPath=c:\Users\DELL\AppData\Roaming\Code\User\workspaceStorage\a58f03694f47fe395bf092a040cbb92b\redhat.java -Daether.dependencyCollector.impl=bf 
java_command: c:\Users\DELL\.vscode\extensions\redhat.java-1.55.0-win32-x64\server\plugins\org.eclipse.equinox.launcher_1.7.200.v20260619-2039.jar -configuration c:\Users\DELL\AppData\Roaming\Code\User\globalStorage\redhat.java\1.55.0\config_win -data c:\Users\DELL\AppData\Roaming\Code\User\workspaceStorage\a58f03694f47fe395bf092a040cbb92b\redhat.java\jdt_ws --pipe=\\.\pipe\lsp-9746a4ef1c5e32b54c61c9fb5deb4695-sock
java_class_path (initial): c:\Users\DELL\.vscode\extensions\redhat.java-1.55.0-win32-x64\server\plugins\org.eclipse.equinox.launcher_1.7.200.v20260619-2039.jar
Launcher Type: SUN_STANDARD

[Global flags]
    uintx AdaptiveSizePolicyWeight                 = 90                                        {product} {command line}
     intx CICompilerCount                          = 3                                         {product} {ergonomic}
    uintx GCTimeRatio                              = 4                                         {product} {command line}
     bool HeapDumpOnOutOfMemoryError               = true                                   {manageable} {command line}
    ccstr HeapDumpPath                             = c:\Users\DELL\AppData\Roaming\Code\User\workspaceStorage\a58f03694f47fe395bf092a040cbb92b\redhat.java         {manageable} {command line}
   size_t InitialHeapSize                          = 104857600                                 {product} {command line}
   size_t MaxHeapSize                              = 2147483648                                {product} {command line}
   size_t MaxNewSize                               = 715653120                                 {product} {ergonomic}
   size_t MinHeapDeltaBytes                        = 524288                                    {product} {ergonomic}
   size_t MinHeapSize                              = 104857600                                 {product} {command line}
   size_t NewSize                                  = 34603008                                  {product} {ergonomic}
    uintx NonNMethodCodeHeapSize                   = 5832780                                {pd product} {ergonomic}
    uintx NonProfiledCodeHeapSize                  = 122912730                              {pd product} {ergonomic}
   size_t OldSize                                  = 70254592                                  {product} {ergonomic}
    uintx ProfiledCodeHeapSize                     = 122912730                              {pd product} {ergonomic}
    uintx ReservedCodeCacheSize                    = 251658240                              {pd product} {ergonomic}
     bool SegmentedCodeCache                       = true                                      {product} {ergonomic}
   size_t SoftMaxHeapSize                          = 2147483648                             {manageable} {ergonomic}
     bool UseCompressedOops                        = true                           {product lp64_product} {ergonomic}
     bool UseLargePagesIndividualAllocation        = false                                  {pd product} {ergonomic}
     bool UseParallelGC                            = true                                      {product} {command line}

Logging:
Log output configuration:
 #0: stdout all=off uptime,level,tags foldmultilines=false
 #1: stderr all=off uptime,level,tags foldmultilines=false

Release file:
JAVA_VERSION="21.0.11" 
MODULES="java.base java.compiler java.datatransfer java.xml java.prefs java.desktop java.instrument java.logging java.management java.security.sasl java.naming java.rmi java.management.rmi java.net.http java.scripting java.security.jgss java.transaction.xa java.sql java.sql.rowset java.xml.crypto java.se java.smartcardio jdk.accessibility jdk.internal.jvmstat jdk.attach jdk.charsets jdk.internal.opt jdk.zipfs jdk.compiler jdk.crypto.ec jdk.crypto.cryptoki jdk.crypto.mscapi jdk.dynalink jdk.internal.ed jdk.editpad jdk.hotspot.agent jdk.httpserver jdk.internal.le jdk.internal.vm.ci jdk.internal.vm.compiler jdk.internal.vm.compiler.management jdk.jartool jdk.javadoc jdk.jcmd jdk.management jdk.management.agent jdk.jconsole jdk.jdeps jdk.jdwp.agent jdk.jdi jdk.jfr jdk.jshell jdk.jsobject jdk.jstatd jdk.localedata jdk.management.jfr jdk.naming.dns jdk.naming.rmi jdk.net jdk.nio.mapmode jdk.random jdk.sctp jdk.security.auth jdk.security.jgss jdk.unsupported jdk.unsupported.desktop jdk.xml.dom" 

Environment Variables:
JAVA_HOME=C:\Program Files\Eclipse Adoptium\jdk-25.0.2.10-hotspot
PATH=C:\Program Files\apache-maven-3.9.16\bin;C:\Program Files\Eclipse Adoptium\jdk-25.0.2.10-hotspot\bin;C:\Program Files\Eclipse Adoptium\jdk-17.0.19.10-hotspot\bin;C:\Program Files\Eclipse Adoptium\jdk-17.0.18\bin;C:\Python313\Scripts\;C:\Python313\;C:\xampp\php;C:\Windows;C:\Windows\System32\Wbem;C:\Windows\System32\WindowsPowerShell\v1.0\;C:\Windows\System32\OpenSSH\;C:\Program Files\Git\cmd;C:\Program Files\nodejs\;C:\ProgramData\chocolatey\bin;C:\Program Files\Go\bin;C:\ngrok;C:\Program Files\PostgreSQL\18\bin;C:\Program Files\PostgreSQL\18\bin;C:\ProgramData\ComposerSetup\bin;C:\Program Files\Docker\Docker\resources\bin;C:\Python313\Scripts\;C:\Python313\;C:\xampp\php;C:\Windows;C:\Windows\System32\Wbem;C:\Windows\System32\WindowsPowerShell\v1.0\;C:\Windows\System32\OpenSSH\;C:\Program Files\Git\cmd;C:\Program Files\nodejs\;C:\ProgramData\chocolatey\bin;C:\Program Files\Docker\Docker\resources\bin;C:\Program Files\Go\bin;C:\ngrok;C:\Program Files\PostgreSQL\18\bin;C:\Program Files\Eclipse Adoptium\jdk-17\bin;C:\Users\DELL\AppData\Local\Microsoft\WindowsApps;C:\Users\DELL\AppData\Local\Programs\Microsoft VS Code\bin;C:\Users\DELL\AppData\Roaming\npm;C:\Users\DELL\AppData\Local\GitHubDesktop\bin;C:\Users\DELL\go\bin;C:\Program Files\Eclipse Adoptium\jdk-17\bin;C:\Program Files\Eclipse Adoptium\jdk-17\bin;C:\Users\DELL\AppData\Roaming\Composer\vendor\bin
USERNAME=DELL
OS=Windows_NT
PROCESSOR_IDENTIFIER=Intel64 Family 6 Model 142 Stepping 9, GenuineIntel
TMP=C:\Users\DELL\AppData\Local\Temp
TEMP=C:\Users\DELL\AppData\Local\Temp




Periodic native trim disabled

---------------  S Y S T E M  ---------------

OS:
 Windows 10 , 64 bit Build 19041 (10.0.19041.5915)
OS uptime: 0 days 21:06 hours
Hyper-V role detected

CPU: total 4 (initial active 4) (2 cores per cpu, 2 threads per core) family 6 model 142 stepping 9 microcode 0xf6, cx8, cmov, fxsr, ht, mmx, 3dnowpref, sse, sse2, sse3, ssse3, sse4.1, sse4.2, popcnt, lzcnt, tsc, tscinvbit, avx, avx2, aes, erms, clmul, bmi1, bmi2, rtm, adx, fma, vzeroupper, clflush, clflushopt, hv, rdtscp, f16c
Processor Information for processor 0
  Max Mhz: 2701, Current Mhz: 2701, Mhz Limit: 2701
Processor Information for processor 1
  Max Mhz: 2701, Current Mhz: 2701, Mhz Limit: 2701
Processor Information for processor 2
  Max Mhz: 2701, Current Mhz: 2701, Mhz Limit: 2701
Processor Information for processor 3
  Max Mhz: 2701, Current Mhz: 1500, Mhz Limit: 2701

Memory: 4k page, system-wide physical 8073M (320M free)
TotalPageFile size 19060M (AvailPageFile size 0M)
current process WorkingSet (physical memory assigned to process): 103M, peak: 110M
current process commit charge ("private bytes"): 232M, peak: 240M

vm_info: OpenJDK 64-Bit Server VM (21.0.11+10-LTS) for windows-amd64 JRE (21.0.11+10-LTS), built on 2026-04-21T00:00:00Z by "admin" with MS VC++ 17.12 (VS2022)

END.
